// Jest Snapshot v1, https://goo.gl/fbAQLP

exports[`CreateGameModal スナップショット 1`] = `
<DocumentFragment>
  <div
    aria-hidden="true"
    class="chakra-modal__overlay css-hdd9l7"
    data-aria-hidden="true"
    style="opacity: 0;"
  />
  <div
    aria-hidden="true"
    data-aria-hidden="true"
    data-focus-guard="true"
    style="width: 1px; height: 0px; padding: 0px; overflow: hidden; position: fixed; top: 1px; left: 1px;"
    tabindex="0"
  />
  <div
    data-focus-lock-disabled="false"
  >
    <div
      class="chakra-modal__content-container css-1u2cvaz"
      tabindex="-1"
    >
      <section
        aria-describedby="chakra-modal--body-:r0:"
        aria-labelledby="chakra-modal--header-:r0:"
        aria-modal="true"
        class="chakra-modal__content css-fjdl7f"
        id="chakra-modal-:r0:"
        role="dialog"
        style="opacity: 0; transform: scale(0.95) translateZ(0);"
        tabindex="-1"
      >
        <header
          class="chakra-modal__header css-9fgtzh"
          id="chakra-modal--header-:r0:"
        >
          ゲーム追加
        </header>
        <button
          aria-label="Close"
          class="chakra-modal__close-btn css-1ik4h6n"
          type="button"
        >
          <svg
            aria-hidden="true"
            class="chakra-icon css-onkibi"
            focusable="false"
            viewBox="0 0 24 24"
          >
            <path
              d="M.439,21.44a1.5,1.5,0,0,0,2.122,2.121L11.823,14.3a.25.25,0,0,1,.354,0l9.262,9.263a1.5,1.5,0,1,0,2.122-2.121L14.3,12.177a.25.25,0,0,1,0-.354l9.263-9.262A1.5,1.5,0,0,0,21.439.44L12.177,9.7a.25.25,0,0,1-.354,0L2.561.44A1.5,1.5,0,0,0,.439,2.561L9.7,11.823a.25.25,0,0,1,0,.354Z"
              fill="currentColor"
            />
          </svg>
        </button>
        <div
          class="chakra-modal__body css-qlig70"
          id="chakra-modal--body-:r0:"
        >
          <form>
            <div
              class="css-18936vg"
            >
              <div
                class="chakra-form-control css-1kxonj9"
                role="group"
              >
                <div
                  class="css-1yp4ln"
                >
                  <label
                    class="chakra-form__label css-la3zr9"
                    for="players"
                    id="field-:r3:-label"
                  >
                    プレイヤー
                  </label>
                  <div
                    class="css-2muyj4"
                  >
                    <label
                      class="chakra-checkbox css-ctlur2"
                    >
                      <input
                        aria-disabled="false"
                        aria-invalid="false"
                        aria-label="player-0"
                        class="chakra-checkbox__input"
                        id="field-:r3:"
                        name="players"
                        style="border: 0px; clip: rect(0px, 0px, 0px, 0px); height: 1px; width: 1px; margin: -1px; padding: 0px; overflow: hidden; white-space: nowrap; position: absolute;"
                        type="checkbox"
                        value="Player1"
                      />
                      <span
                        aria-hidden="true"
                        class="chakra-checkbox__control css-1ydjfm6"
                      />
                      <span
                        class="chakra-checkbox__label css-6x44c9"
                      >
                        Player1
                      </span>
                    </label>
                    <label
                      class="chakra-checkbox css-ctlur2"
                    >
                      <input
                        aria-disabled="false"
                        aria-invalid="false"
                        aria-label="player-1"
                        class="chakra-checkbox__input"
                        id="field-:r3:"
                        name="players"
                        style="border: 0px; clip: rect(0px, 0px, 0px, 0px); height: 1px; width: 1px; margin: -1px; padding: 0px; overflow: hidden; white-space: nowrap; position: absolute;"
                        type="checkbox"
                        value="Player2"
                      />
                      <span
                        aria-hidden="true"
                        class="chakra-checkbox__control css-1ydjfm6"
                      />
                      <span
                        class="chakra-checkbox__label css-6x44c9"
                      >
                        Player2
                      </span>
                    </label>
                    <label
                      class="chakra-checkbox css-ctlur2"
                    >
                      <input
                        aria-disabled="false"
                        aria-invalid="false"
                        aria-label="player-2"
                        class="chakra-checkbox__input"
                        id="field-:r3:"
                        name="players"
                        style="border: 0px; clip: rect(0px, 0px, 0px, 0px); height: 1px; width: 1px; margin: -1px; padding: 0px; overflow: hidden; white-space: nowrap; position: absolute;"
                        type="checkbox"
                        value="Player3"
                      />
                      <span
                        aria-hidden="true"
                        class="chakra-checkbox__control css-1ydjfm6"
                      />
                      <span
                        class="chakra-checkbox__label css-6x44c9"
                      >
                        Player3
                      </span>
                    </label>
                    <label
                      class="chakra-checkbox css-ctlur2"
                    >
                      <input
                        aria-disabled="false"
                        aria-invalid="false"
                        aria-label="player-3"
                        class="chakra-checkbox__input"
                        id="field-:r3:"
                        name="players"
                        style="border: 0px; clip: rect(0px, 0px, 0px, 0px); height: 1px; width: 1px; margin: -1px; padding: 0px; overflow: hidden; white-space: nowrap; position: absolute;"
                        type="checkbox"
                        value="Player4"
                      />
                      <span
                        aria-hidden="true"
                        class="chakra-checkbox__control css-1ydjfm6"
                      />
                      <span
                        class="chakra-checkbox__label css-6x44c9"
                      >
                        Player4
                      </span>
                    </label>
                  </div>
                </div>
              </div>
              <div
                class="chakra-form-control css-1kxonj9"
                role="group"
              >
                <div
                  class="css-k008qs"
                >
                  <label
                    class="chakra-form__label css-la3zr9"
                    for="round"
                    id="field-:r4:-label"
                  >
                    ラウンド数
                  </label>
                  <div
                    class="chakra-numberinput css-3e5t3k"
                  >
                    <input
                      aria-label="round"
                      aria-readonly="false"
                      aria-required="false"
                      aria-valuemax="9007199254740991"
                      aria-valuemin="-9007199254740991"
                      aria-valuenow="100"
                      aria-valuetext="100"
                      autocomplete="off"
                      autocorrect="off"
                      class="chakra-numberinput__field css-1g0mrv8"
                      id="round"
                      inputmode="decimal"
                      name="totalRound"
                      pattern="[0-9]*(.[0-9]+)?"
                      role="spinbutton"
                      type="text"
                      value="100"
                    />
                  </div>
                </div>
              </div>
              <div
                class="chakra-form-control css-1kxonj9"
                role="group"
              >
                <div
                  class="css-k008qs"
                >
                  <label
                    class="chakra-form__label css-la3zr9"
                    for="initialPoint"
                    id="field-:r5:-label"
                  >
                    初期ポイント
                  </label>
                  <div
                    class="chakra-numberinput css-3e5t3k"
                  >
                    <input
                      aria-label="initialPoint"
                      aria-readonly="false"
                      aria-required="false"
                      aria-valuemax="9007199254740991"
                      aria-valuemin="-9007199254740991"
                      aria-valuenow="20000"
                      aria-valuetext="20000"
                      autocomplete="off"
                      autocorrect="off"
                      class="chakra-numberinput__field css-1g0mrv8"
                      disabled=""
                      id="initialPoint"
                      inputmode="decimal"
                      name="initialPoint"
                      pattern="[0-9]*(.[0-9]+)?"
                      role="spinbutton"
                      type="text"
                      value="20000"
                    />
                  </div>
                </div>
              </div>
              <div
                class="chakra-form-control css-1kxonj9"
                role="group"
              >
                <div
                  class="css-k008qs"
                >
                  <label
                    class="chakra-form__label css-la3zr9"
                    for="fee"
                    id="field-:r6:-label"
                  >
                    参加フィー
                  </label>
                  <div
                    class="chakra-numberinput css-3e5t3k"
                  >
                    <input
                      aria-label="fee"
                      aria-readonly="false"
                      aria-required="false"
                      aria-valuemax="9007199254740991"
                      aria-valuemin="-9007199254740991"
                      aria-valuenow="200"
                      aria-valuetext="200"
                      autocomplete="off"
                      autocorrect="off"
                      class="chakra-numberinput__field css-1g0mrv8"
                      disabled=""
                      id="fee"
                      inputmode="decimal"
                      name="fee"
                      pattern="[0-9]*(.[0-9]+)?"
                      role="spinbutton"
                      type="text"
                      value="200"
                    />
                  </div>
                </div>
              </div>
              <div
                class="css-9idvp9"
              >
                <button
                  class="chakra-button css-11494p6"
                  type="reset"
                >
                  キャンセル
                </button>
                <button
                  class="chakra-button css-qqef0j"
                  type="submit"
                >
                  作成
                </button>
              </div>
            </div>
          </form>
        </div>
        <footer
          class="chakra-modal__footer css-k0waxj"
        >
          <div
            class="css-1vakbk4"
          />
        </footer>
      </section>
    </div>
  </div>
  <div
    aria-hidden="true"
    data-aria-hidden="true"
    data-focus-guard="true"
    style="width: 1px; height: 0px; padding: 0px; overflow: hidden; position: fixed; top: 1px; left: 1px;"
    tabindex="0"
  />
  <div
    aria-label="Notifications-top"
    aria-live="polite"
    id="chakra-toast-manager-top"
    role="region"
    style="position: fixed; z-index: var(--toast-z-index, 5500); pointer-events: none; display: flex; flex-direction: column; margin: 0px auto;"
  />
  <div
    aria-label="Notifications-top-left"
    aria-live="polite"
    id="chakra-toast-manager-top-left"
    role="region"
    style="position: fixed; z-index: var(--toast-z-index, 5500); pointer-events: none; display: flex; flex-direction: column;"
  />
  <div
    aria-label="Notifications-top-right"
    aria-live="polite"
    id="chakra-toast-manager-top-right"
    role="region"
    style="position: fixed; z-index: var(--toast-z-index, 5500); pointer-events: none; display: flex; flex-direction: column;"
  />
  <div
    aria-label="Notifications-bottom-left"
    aria-live="polite"
    id="chakra-toast-manager-bottom-left"
    role="region"
    style="position: fixed; z-index: var(--toast-z-index, 5500); pointer-events: none; display: flex; flex-direction: column;"
  />
  <div
    aria-label="Notifications-bottom"
    aria-live="polite"
    id="chakra-toast-manager-bottom"
    role="region"
    style="position: fixed; z-index: var(--toast-z-index, 5500); pointer-events: none; display: flex; flex-direction: column; margin: 0px auto;"
  />
  <div
    aria-label="Notifications-bottom-right"
    aria-live="polite"
    id="chakra-toast-manager-bottom-right"
    role="region"
    style="position: fixed; z-index: var(--toast-z-index, 5500); pointer-events: none; display: flex; flex-direction: column;"
  />
  <span
    aria-hidden="true"
    data-aria-hidden="true"
    hidden=""
    id="__chakra_env"
  />
</DocumentFragment>
`;
