// Jest Snapshot v1, https://goo.gl/fbAQLP

exports[`Footer スナップショット 1`] = `
<DocumentFragment>
  <div
    class="css-t1z7yc"
  >
    <p
      class="chakra-text css-1937alg"
    >
      © Benesse i-Career Co., Ltd. All Rights Reserved.
    </p>
  </div>
  <span
    hidden=""
    id="__chakra_env"
  />
</DocumentFragment>
`;
