// Jest Snapshot v1, https://goo.gl/fbAQLP

exports[`GameInformation スナップショット 1`] = `
<DocumentFragment>
  <div
    class="css-j72sux"
  >
    <div
      class="css-avu8l3"
    >
      <div
        class="css-wd8hou"
      >
        <p
          class="chakra-text css-1d1fz8k"
        >
          ID
        </p>
        <p
          class="chakra-text css-12tg5c1"
        >
          1
        </p>
      </div>
      <div
        class="css-wd8hou"
      >
        <p
          class="chakra-text css-1d1fz8k"
        >
          ラウンド
        </p>
        <p
          class="chakra-text css-12tg5c1"
        >
          11 / 100
        </p>
      </div>
      <div
        class="css-wd8hou"
      >
        <p
          class="chakra-text css-1d1fz8k"
        >
          初期ポイント
        </p>
        <p
          class="chakra-text css-12tg5c1"
        >
          20,000pt
        </p>
      </div>
      <div
        class="css-wd8hou"
      >
        <p
          class="chakra-text css-1d1fz8k"
        >
          参加フィー
        </p>
        <p
          class="chakra-text css-12tg5c1"
        >
          200pt
        </p>
      </div>
      <div
        class="css-wd8hou"
      >
        <p
          class="chakra-text css-1d1fz8k"
        >
          ステータス
        </p>
        <span
          class="css-1v5fpkt"
        >
          進行中
        </span>
      </div>
      <div
        class="css-wd8hou"
      >
        <p
          class="chakra-text css-1d1fz8k"
        >
          作成日時
        </p>
        <p
          class="chakra-text css-12tg5c1"
        >
          2024-04-16 03:52:10
        </p>
      </div>
      <div
        class="css-wd8hou"
      >
        <p
          class="chakra-text css-1d1fz8k"
        >
          開始日時
        </p>
        <p
          class="chakra-text css-12tg5c1"
        >
          2024-04-16 03:52:13
        </p>
      </div>
    </div>
    <div
      class="css-0"
    >
      <table
        class="chakra-table css-5605sr"
      >
        <thead
          class="css-0"
        >
          <tr
            class="css-0"
          >
            <th
              class="css-1zts0j"
            >
              NAME
            </th>
            <th
              class="css-10z8svr"
            >
              Player3
            </th>
            <th
              class="css-10z8svr"
            >
              Player4
            </th>
            <th
              class="css-17i2ipm"
            >
              Player1
            </th>
            <th
              class="css-10z8svr"
            >
              Player2
            </th>
          </tr>
        </thead>
        <tbody
          class="css-0"
        >
          <tr
            class="css-0"
          >
            <th
              class="css-1zts0j"
            >
              POINT
            </th>
            <td
              class="css-18vf7cc"
            >
              24,800pt
            </td>
            <td
              class="css-18vf7cc"
            >
              0pt
            </td>
            <td
              class="css-1bsb2c7"
            >
              37,600pt
            </td>
            <td
              class="css-18vf7cc"
            >
              17,600pt
            </td>
          </tr>
          <tr
            class="css-0"
          >
            <th
              class="css-1zts0j"
            >
              WIN ROUND
            </th>
            <td
              class="css-18vf7cc"
            >
              0round
            </td>
            <td
              class="css-18vf7cc"
            >
              0round
            </td>
            <td
              class="css-1bsb2c7"
            >
              10round
            </td>
            <td
              class="css-18vf7cc"
            >
              0round
            </td>
          </tr>
        </tbody>
      </table>
    </div>
  </div>
  <span
    hidden=""
    id="__chakra_env"
  />
</DocumentFragment>
`;
